// Jest Snapshot v1, https://goo.gl/fbAQLP

exports[`OpenTransaction 1`] = `
Uint8Array [
  59,
  1,
  0,
  0,
  28,
  0,
  0,
  0,
  95,
  0,
  0,
  0,
  137,
  0,
  0,
  0,
  179,
  0,
  0,
  0,
  221,
  0,
  0,
  0,
  12,
  1,
  0,
  0,
  67,
  0,
  0,
  0,
  12,
  0,
  0,
  0,
  42,
  0,
  0,
  0,
  30,
  0,
  0,
  0,
  16,
  0,
  0,
  0,
  20,
  0,
  0,
  0,
  25,
  0,
  0,
  0,
  1,
  0,
  0,
  0,
  1,
  0,
  0,
  0,
  10,
  1,
  0,
  0,
  0,
  14,
  25,
  0,
  0,
  0,
  16,
  0,
  0,
  0,
  20,
  0,
  0,
  0,
  20,
  0,
  0,
  0,
  2,
  0,
  0,
  0,
  1,
  0,
  0,
  0,
  15,
  42,
  0,
  0,
  0,
  8,
  0,
  0,
  0,
  34,
  0,
  0,
  0,
  8,
  0,
  0,
  0,
  26,
  0,
  0,
  0,
  16,
  0,
  0,
  0,
  20,
  0,
  0,
  0,
  20,
  0,
  0,
  0,
  3,
  0,
  0,
  0,
  2,
  0,
  0,
  0,
  255,
  3,
  42,
  0,
  0,
  0,
  8,
  0,
  0,
  0,
  34,
  0,
  0,
  0,
  8,
  0,
  0,
  0,
  26,
  0,
  0,
  0,
  16,
  0,
  0,
  0,
  20,
  0,
  0,
  0,
  20,
  0,
  0,
  0,
  4,
  0,
  0,
  0,
  2,
  0,
  0,
  0,
  255,
  4,
  42,
  0,
  0,
  0,
  8,
  0,
  0,
  0,
  34,
  0,
  0,
  0,
  8,
  0,
  0,
  0,
  26,
  0,
  0,
  0,
  16,
  0,
  0,
  0,
  20,
  0,
  0,
  0,
  20,
  0,
  0,
  0,
  5,
  0,
  0,
  0,
  2,
  0,
  0,
  0,
  255,
  5,
  47,
  0,
  0,
  0,
  8,
  0,
  0,
  0,
  39,
  0,
  0,
  0,
  8,
  0,
  0,
  0,
  31,
  0,
  0,
  0,
  16,
  0,
  0,
  0,
  20,
  0,
  0,
  0,
  25,
  0,
  0,
  0,
  6,
  0,
  0,
  0,
  1,
  0,
  0,
  0,
  6,
  2,
  0,
  0,
  0,
  255,
  6,
  47,
  0,
  0,
  0,
  8,
  0,
  0,
  0,
  39,
  0,
  0,
  0,
  8,
  0,
  0,
  0,
  31,
  0,
  0,
  0,
  16,
  0,
  0,
  0,
  20,
  0,
  0,
  0,
  25,
  0,
  0,
  0,
  7,
  0,
  0,
  0,
  1,
  0,
  0,
  0,
  7,
  2,
  0,
  0,
  0,
  255,
  7,
]
`;

exports[`OtxKeyPair with keyData 1`] = `
Uint8Array [
  30,
  0,
  0,
  0,
  16,
  0,
  0,
  0,
  20,
  0,
  0,
  0,
  25,
  0,
  0,
  0,
  1,
  0,
  0,
  0,
  1,
  0,
  0,
  0,
  10,
  1,
  0,
  0,
  0,
  15,
]
`;

exports[`OtxKeyPair without keyData 1`] = `
Uint8Array [
  25,
  0,
  0,
  0,
  16,
  0,
  0,
  0,
  20,
  0,
  0,
  0,
  20,
  0,
  0,
  0,
  1,
  0,
  0,
  0,
  1,
  0,
  0,
  0,
  15,
]
`;

exports[`OtxMap 1`] = `
Uint8Array [
  67,
  0,
  0,
  0,
  12,
  0,
  0,
  0,
  42,
  0,
  0,
  0,
  30,
  0,
  0,
  0,
  16,
  0,
  0,
  0,
  20,
  0,
  0,
  0,
  25,
  0,
  0,
  0,
  1,
  0,
  0,
  0,
  1,
  0,
  0,
  0,
  10,
  1,
  0,
  0,
  0,
  14,
  25,
  0,
  0,
  0,
  16,
  0,
  0,
  0,
  20,
  0,
  0,
  0,
  20,
  0,
  0,
  0,
  2,
  0,
  0,
  0,
  1,
  0,
  0,
  0,
  15,
]
`;

exports[`OtxMapVec 1`] = `
Uint8Array [
  146,
  0,
  0,
  0,
  12,
  0,
  0,
  0,
  79,
  0,
  0,
  0,
  67,
  0,
  0,
  0,
  12,
  0,
  0,
  0,
  42,
  0,
  0,
  0,
  30,
  0,
  0,
  0,
  16,
  0,
  0,
  0,
  20,
  0,
  0,
  0,
  25,
  0,
  0,
  0,
  1,
  0,
  0,
  0,
  1,
  0,
  0,
  0,
  10,
  1,
  0,
  0,
  0,
  14,
  25,
  0,
  0,
  0,
  16,
  0,
  0,
  0,
  20,
  0,
  0,
  0,
  20,
  0,
  0,
  0,
  2,
  0,
  0,
  0,
  1,
  0,
  0,
  0,
  15,
  67,
  0,
  0,
  0,
  12,
  0,
  0,
  0,
  42,
  0,
  0,
  0,
  30,
  0,
  0,
  0,
  16,
  0,
  0,
  0,
  20,
  0,
  0,
  0,
  25,
  0,
  0,
  0,
  3,
  0,
  0,
  0,
  1,
  0,
  0,
  0,
  250,
  1,
  0,
  0,
  0,
  254,
  25,
  0,
  0,
  0,
  16,
  0,
  0,
  0,
  20,
  0,
  0,
  0,
  20,
  0,
  0,
  0,
  4,
  0,
  0,
  0,
  1,
  0,
  0,
  0,
  255,
]
`;
